# Bake Begins!
### (1 of 6) Copy sources
$ cp -a /home/travis/build/fontdirectory/nokora/METADATA.json /home/travis/build/fontdirectory/nokora/builds/build
$ cp -a /home/travis/build/fontdirectory/nokora/DESCRIPTION.en_us.html /home/travis/build/fontdirectory/nokora/builds/build
$ cp -a Nokora-Regular.ttf.ttx Nokora-Bold.ttf.ttx Nokora-Regular.ttf._p_r_e_p.ttx Nokora-Regular.ttf._p_o_s_t.ttx Nokora-Regular.ttf._n_a_m_e.ttx Nokora-Regular.ttf._m_o_r_x.ttx Nokora-Regular.ttf._m_a_x_p.ttx Nokora-Regular.ttf._l_o_c_a.ttx Nokora-Regular.ttf._h_m_t_x.ttx Nokora-Regular.ttf._h_h_e_a.ttx Nokora-Regular.ttf._h_e_a_d.ttx Nokora-Regular.ttf._g_l_y_f.ttx Nokora-Regular.ttf._g_a_s_p.ttx Nokora-Regular.ttf._f_p_g_m.ttx Nokora-Regular.ttf._f_e_a_t.ttx Nokora-Regular.ttf._c_v_t.ttx Nokora-Regular.ttf._c_m_a_p.ttx Nokora-Regular.ttf.O_S_2f_2.ttx Nokora-Regular.ttf.GlyphOrder.ttx Nokora-Regular.ttf.G_S_U_B_.ttx Nokora-Regular.ttf.G_P_O_S_.ttx Nokora-Regular.ttf.G_D_E_F_.ttx Nokora-Regular.ttf.F_F_T_M_.ttx Nokora-Bold.ttf._p_r_e_p.ttx Nokora-Bold.ttf._p_o_s_t.ttx Nokora-Bold.ttf._n_a_m_e.ttx Nokora-Bold.ttf._m_o_r_x.ttx Nokora-Bold.ttf._m_a_x_p.ttx Nokora-Bold.ttf._l_o_c_a.ttx Nokora-Bold.ttf._h_m_t_x.ttx Nokora-Bold.ttf._h_h_e_a.ttx Nokora-Bold.ttf._h_e_a_d.ttx Nokora-Bold.ttf._g_l_y_f.ttx Nokora-Bold.ttf._g_a_s_p.ttx Nokora-Bold.ttf._f_p_g_m.ttx Nokora-Bold.ttf._f_e_a_t.ttx Nokora-Bold.ttf._c_v_t.ttx Nokora-Bold.ttf._c_m_a_p.ttx Nokora-Bold.ttf.O_S_2f_2.ttx Nokora-Bold.ttf.GlyphOrder.ttx Nokora-Bold.ttf.G_S_U_B_.ttx Nokora-Bold.ttf.G_P_O_S_.ttx Nokora-Bold.ttf.G_D_E_F_.ttx Nokora-Bold.ttf.F_F_T_M_.ttx /home/travis/build/fontdirectory/nokora/builds/build/sources
### (2 of 6) pyfontaine
### (3 of 6) Run upstream tests
$ fontbakery-check.py upstream-repo sources
$ fontaine --collections subsets --text /home/travis/build/fontdirectory/nokora/builds/build/sources/Nokora-Bold.ttf.ttx /home/travis/build/fontdirectory/nokora/builds/build/sources/Nokora-Regular.ttf.ttx > fontaine.txt
WARNING: Please install [PyICU](https://pypi.python.org/pypi/PyICU) toenable [feature], perhaps with: pip install pyicu
bakery_lint.tests.upstream.test_prepolation.FontTestPrepolation.test_font_prepolation_glyph_contours(): OK
end of pyfontaine process
bakery_lint.tests.upstream.test_prepolation.FontTestPrepolation.test_font_prepolation_glyph_points(): OK
bakery_lint.tests.upstream.test_prepolation.FontTestPrepolation.test_font_test_prepolation_glyph_names(): OK
bakery_lint.tests.upstream.test_diacritic.TestDiacritic.test_diacritic_made_as_component(): OK
bakery_lint.tests.upstream.test_diacritic.TestDiacritic.test_diacritic_made_as_mark_to_mark(): OK
bakery_lint.tests.upstream.test_diacritic.TestDiacritic.test_diacritic_made_as_own_glyphs(): OK
bakery_lint.tests.upstream.test_check_upstream_sources.ProjectUpstreamTestCase.test_bakery_yaml_exists(): OK
bakery_lint.tests.upstream.test_check_upstream_sources.ProjectUpstreamTestCase.test_copyright_notices_same_across_family(): OK
bakery_lint.tests.upstream.test_check_upstream_sources.ProjectUpstreamTestCase.test_description_html_exists(): OK
bakery_lint.tests.upstream.test_check_upstream_sources.ProjectUpstreamTestCase.test_fontlog_txt_exists(): FAIL
bakery_lint.tests.upstream.test_check_upstream_sources.ProjectUpstreamTestCase.test_metadata_json_exists(): OK
$ fontbakery-check.py upstream-ttx Nokora-Bold.ttf.ttx
bakery_lint.tests.upstream.test_glyphname_does_not_contain_disallowed_chars.TestGlyphNameDoesNotContainsDisallowedChars.test_glyphname_does_not_contain_disallowed_chars(): FAIL
bakery_lint.tests.upstream.test_font_filename_eq_familystyle.TestTTFSourceFontFileNameEqualsFamilyStyle.test_source_ttf_font_filename_equals_familystyle(): FAIL
$ mv /home/travis/build/fontdirectory/nokora/builds/build/sources/Nokora-Bold.ttf.ttx /home/travis/build/fontdirectory/nokora/builds/build/sources/Nokora-Bold.ttx
bakery_lint.tests.upstream.test_font_filename_eq_familystyle.TestTTFSourceFontFileNameEqualsFamilyStyle.test_source_ttf_font_filename_equals_familystyle(): OK
bakery_lint.tests.upstream.test_check_ttx_requirements.SourceTTXTest.test_epar_in_keys(): FAIL
bakery_lint.tests.upstream.test_check_ttx_requirements.SourceTTXTest.test_os2_in_keys(): OK
bakery_lint.tests.upstream.test_check_ttx_requirements.SourceTTXTest.test_ttx_doesnt_contain_duplicate_glyphs(): OK
bakery_lint.tests.upstream.test_check_ttx_fontfamily_recommendations.TTX_FontFamilyNamingTest.test_ttx_family_naming_recommendation(): OK
$ fontbakery-check.py upstream-ttx Nokora-Regular.ttf.ttx
bakery_lint.tests.upstream.test_glyphname_does_not_contain_disallowed_chars.TestGlyphNameDoesNotContainsDisallowedChars.test_glyphname_does_not_contain_disallowed_chars(): FAIL
bakery_lint.tests.upstream.test_font_filename_eq_familystyle.TestTTFSourceFontFileNameEqualsFamilyStyle.test_source_ttf_font_filename_equals_familystyle(): FAIL
$ mv /home/travis/build/fontdirectory/nokora/builds/build/sources/Nokora-Regular.ttf.ttx /home/travis/build/fontdirectory/nokora/builds/build/sources/Nokora-Regular.ttx
bakery_lint.tests.upstream.test_font_filename_eq_familystyle.TestTTFSourceFontFileNameEqualsFamilyStyle.test_source_ttf_font_filename_equals_familystyle(): OK
bakery_lint.tests.upstream.test_check_ttx_requirements.SourceTTXTest.test_epar_in_keys(): FAIL
bakery_lint.tests.upstream.test_check_ttx_requirements.SourceTTXTest.test_os2_in_keys(): OK
bakery_lint.tests.upstream.test_check_ttx_requirements.SourceTTXTest.test_ttx_doesnt_contain_duplicate_glyphs(): OK
bakery_lint.tests.upstream.test_check_ttx_fontfamily_recommendations.TTX_FontFamilyNamingTest.test_ttx_family_naming_recommendation(): OK
### (4 of 6) Convert sources to TTF
$ ttx -d /home/travis/build/fontdirectory/nokora/builds/build /home/travis/build/fontdirectory/nokora/builds/build/sources/Nokora-Regular.ttx /home/travis/build/fontdirectory/nokora/builds/build/sources/Nokora-Bold.ttx
Compiling "/home/travis/build/fontdirectory/nokora/builds/build/sources/Nokora-Regular.ttx" to "/home/travis/build/fontdirectory/nokora/builds/build/Nokora-Regular.ttf"...
Parsing 'GlyphOrder' table...
Parsing 'head' table...
Parsing 'hhea' table...
Parsing 'maxp' table...
Parsing 'OS/2' table...
Parsing 'hmtx' table...
Parsing 'cmap' table...
Parsing 'fpgm' table...
Parsing 'prep' table...
Parsing 'cvt ' table...
Parsing 'loca' table...
Parsing 'glyf' table...
Parsing 'name' table...
Parsing 'post' table...
Parsing 'gasp' table...
Parsing 'FFTM' table...
Parsing 'GDEF' table...
Parsing 'GPOS' table...
Parsing 'GSUB' table...
Parsing 'feat' table...
Parsing 'morx' table...
Compiling "/home/travis/build/fontdirectory/nokora/builds/build/sources/Nokora-Bold.ttx" to "/home/travis/build/fontdirectory/nokora/builds/build/Nokora-Bold.ttf"...
Parsing 'GlyphOrder' table...
Parsing 'head' table...
Parsing 'hhea' table...
Parsing 'maxp' table...
Parsing 'OS/2' table...
Parsing 'hmtx' table...
Parsing 'cmap' table...
Parsing 'fpgm' table...
Parsing 'prep' table...
Parsing 'cvt ' table...
Parsing 'loca' table...
Parsing 'glyf' table...
Parsing 'name' table...
Parsing 'post' table...
Parsing 'gasp' table...
Parsing 'FFTM' table...
Parsing 'GDEF' table...
Parsing 'GPOS' table...
Parsing 'GSUB' table...
Parsing 'feat' table...
Parsing 'morx' table...
### Test Nokora-Regular.ttf
$ fontbakery-check.py result Nokora-Regular.ttf
bakery_lint.tests.downstream.test_names_are_ascii_only.CheckNamesAreASCIIOnly.test_check_names_are_ascii_only(): FAIL
$ fontbakery-fix-ascii-fontmetadata.py /home/travis/build/fontdirectory/nokora/builds/build/Nokora-Regular.ttf
$ mv /home/travis/build/fontdirectory/nokora/builds/build/Nokora-Regular.ttf.fix /home/travis/build/fontdirectory/nokora/builds/build/Nokora-Regular.ttf
bakery_lint.tests.downstream.test_names_are_ascii_only.CheckNamesAreASCIIOnly.test_check_names_are_ascii_only(): OK
bakery_lint.tests.downstream.test_gpos_table_has_kerning_info.CheckGposTableHasKerningInfo.test_gpos_table_has_kerning_info(): FAIL
bakery_lint.tests.downstream.test_gasp_table_value.CheckGaspTableType.test_check_gasp_table_type(): FAIL
$ fontbakery-fix-gasp.py --set=15 /home/travis/build/fontdirectory/nokora/builds/build/Nokora-Regular.ttf
$ mv /home/travis/build/fontdirectory/nokora/builds/build/Nokora-Regular.ttf.fix /home/travis/build/fontdirectory/nokora/builds/build/Nokora-Regular.ttf
bakery_lint.tests.downstream.test_gasp_table_value.CheckGaspTableType.test_check_gasp_table_type(): OK
$ fontbakery-fix-gasp.py --set=15 /home/travis/build/fontdirectory/nokora/builds/build/Nokora-Regular.ttf
$ mv /home/travis/build/fontdirectory/nokora/builds/build/Nokora-Regular.ttf.fix /home/travis/build/fontdirectory/nokora/builds/build/Nokora-Regular.ttf
This font contains both a 'mor[tx]' table and a 'GSUB' table.
  FF will only read feature/settings in 'morx' which do not match features
  found in 'GSUB'.
Warning: Mac and Windows entries in the 'name' table differ for the
 Version string in the language English (US)
 Mac String: Version 1.3 October 31, 2012
Windows String: Version 1.3 October 14, 2012
Warning: Mac and Windows entries in the 'name' table differ for the
 PostScriptName string in the language English (US)
 Mac String: Nokora-Regular
Windows String: Nokora
Warning: Mac and Windows entries in the 'name' table differ for the
 Trademark string in the language English (US)
 Mac String: Droid is a trademark of Google and may be registered in certain jurisdictions.
Windows String: Nokora is a trademark of Google and may be registered in certain jurisdictions.
Bad lookup table: format=4 (6/7), first=65535 last=65535 total glyphs in font=224
Bad lookup table: format=2 (4/5), first=65535 last=65535 total glyphs in font=224
Bad lookup table: format=2 (5/6), first=65535 last=65535 total glyphs in font=224
Bad lookup table: format=2 (6/7), first=65535 last=65535 total glyphs in font=224
Bad lookup table: format=2 (14/15), first=65535 last=65535 total glyphs in font=224
Bad lookup table: format=2 (14/15), first=65535 last=65535 total glyphs in font=224
Bad lookup table: format=2 (7/8), first=65535 last=65535 total glyphs in font=224
Bad lookup table: format=2 (5/6), first=65535 last=65535 total glyphs in font=224
Bad lookup table: format=2 (9/10), first=65535 last=65535 total glyphs in font=224
Bad lookup table: format=2 (5/6), first=65535 last=65535 total glyphs in font=224
Bad lookup table: format=2 (2/3), first=65535 last=65535 total glyphs in font=224
bakery_lint.tests.downstream.test_fontforge_validation_state.FontForgeValidateStateTest.test_allowed_numbers_paths_in_composite_glyphs(): OK
bakery_lint.tests.downstream.test_fontforge_validation_state.FontForgeValidateStateTest.test_allowed_numbers_paths_in_glyphs(): OK
bakery_lint.tests.downstream.test_fontforge_validation_state.FontForgeValidateStateTest.test_allowed_numbers_points_in_composite_glyphs(): OK
bakery_lint.tests.downstream.test_fontforge_validation_state.FontForgeValidateStateTest.test_allowed_numbers_points_in_glyphs(): OK
bakery_lint.tests.downstream.test_fontforge_validation_state.FontForgeValidateStateTest.test_duplicate_glyphs(): OK
bakery_lint.tests.downstream.test_fontforge_validation_state.FontForgeValidateStateTest.test_duplicate_unicode_codepoints(): OK
bakery_lint.tests.downstream.test_fontforge_validation_state.FontForgeValidateStateTest.test_flipped_reference_in_glyphs(): OK
bakery_lint.tests.downstream.test_fontforge_validation_state.FontForgeValidateStateTest.test_missing_anchors(): OK
bakery_lint.tests.downstream.test_fontforge_validation_state.FontForgeValidateStateTest.test_missing_extrema_in_glyphs(): OK
bakery_lint.tests.downstream.test_fontforge_validation_state.FontForgeValidateStateTest.test_overlapped_hints(): OK
bakery_lint.tests.downstream.test_fontforge_validation_state.FontForgeValidateStateTest.test_points_are_integer_aligned(): OK
bakery_lint.tests.downstream.test_fontforge_validation_state.FontForgeValidateStateTest.test_points_are_not_too_far_apart(): OK
bakery_lint.tests.downstream.test_fontforge_validation_state.FontForgeValidateStateTest.test_postscript_hasnt_limit_hints_in_glyphs(): OK
bakery_lint.tests.downstream.test_fontforge_validation_state.FontForgeValidateStateTest.test_postscript_hasnt_limit_points_in_glyphs(): OK
bakery_lint.tests.downstream.test_fontforge_validation_state.FontForgeValidateStateTest.test_referenced_glyphs_are_present(): OK
bakery_lint.tests.downstream.test_fontforge_validation_state.FontForgeValidateStateTest.test_valid_glyph_names(): OK
bakery_lint.tests.downstream.test_fontforge_validation_state.FontForgeValidateStateTest.test_valid_length_instructions(): OK
bakery_lint.tests.downstream.test_fontforge_validation_state.FontForgeValidateStateTest.test_validation_glyph_intersect(): OK
bakery_lint.tests.downstream.test_fontforge_validation_state.FontForgeValidateStateTest.test_validation_open_contours(): OK
bakery_lint.tests.downstream.test_fontforge_validation_state.FontForgeValidateStateTest.test_wrong_direction_in_glyphs(): OK
bakery_lint.tests.downstream.test_check_vertical_metrics.CheckVerticalLinegapMetrics.test_metrics_linegaps_are_zero(): FAIL
$ fontbakery-fix-vertical-metrics.py --autofix /home/travis/build/fontdirectory/nokora/builds/build/Nokora-Regular.ttf /home/travis/build/fontdirectory/nokora/builds/build/Nokora-Bold.ttf
$ mv /home/travis/build/fontdirectory/nokora/builds/build/Nokora-Regular.ttf.fix /home/travis/build/fontdirectory/nokora/builds/build/Nokora-Regular.ttf
$ mv /home/travis/build/fontdirectory/nokora/builds/build/Nokora-Bold.ttf.fix /home/travis/build/fontdirectory/nokora/builds/build/Nokora-Bold.ttf
$ fontbakery-fix-vertical-metrics.py /home/travis/build/fontdirectory/nokora/builds/build/Nokora-Regular.ttf /home/travis/build/fontdirectory/nokora/builds/build/Nokora-Bold.ttf
Parameter              Nokora-Regular.ttf    Nokora-Bold.ttf    
ymax                   1900                  1908               
hhea.ascent            1908                  1908               
OS/2.sTypoAscender     1908                  1908               
OS/2.usWinAscent       1908                  1908               
ymin                   -800                  -800               
hhea.descent           -800                  -800               
OS/2.sTypoDescender    -800                  -800               
OS/2.usWinDescent      800                   800                
hhea.lineGap           0                     0                  
OS/2.sTypoLineGap      0                     0                  
hhea total             2708                  2708               
typo total             2708                  2708               
win total              2708                  2708               
UPM:Heights            2048:2700             2048:2708          
UPM:Heights %          131 %                 132 %              


bakery_lint.tests.downstream.test_check_vertical_metrics.CheckVerticalLinegapMetrics.test_metrics_linegaps_are_zero(): OK
bakery_lint.tests.downstream.test_check_vertical_metrics.CheckVerticalAscentMetrics.test_metrics_ascents_equal_bbox(): OK
bakery_lint.tests.downstream.test_check_vertical_metrics.CheckVerticalDescentMetrics.test_metrics_descents_equal_bbox(): OK
bakery_lint.tests.downstream.test_check_upm_heights_less_120.TestCheckUPMHeightsLess120.test_check_upm_heigths_less_120(): FAIL
bakery_lint.tests.downstream.test_check_unused_glyph_data.CheckUnusedGlyphData.test_check_unused_glyph_data(): ERROR
bakery_lint.tests.downstream.test_check_unencoded_glyph.TestFontUnencodedGlyph.test_font_unencoded_glyphs(): FAIL
$ fontbakery-fix-glyph-private-encoding.py --autofix /home/travis/build/fontdirectory/nokora/builds/build/Nokora-Regular.ttf
$ mv /home/travis/build/fontdirectory/nokora/builds/build/Nokora-Regular.ttf.fix /home/travis/build/fontdirectory/nokora/builds/build/Nokora-Regular.ttf
bakery_lint.tests.downstream.test_check_unencoded_glyph.TestFontUnencodedGlyph.test_font_unencoded_glyphs(): FAIL
bakery_lint.tests.downstream.test_check_panose_identification.CheckPanoseIdentification.test_check_panose_identification(): OK
bakery_lint.tests.downstream.test_check_os2_width_class.CheckOS2WidthClass.test_check_os2_width_class(): OK
bakery_lint.tests.downstream.test_check_no_problematic_formats.CheckNoProblematicFormats.test_check_no_problematic_formats(): OK
bakery_lint.tests.downstream.test_check_nbsp_width_matches_sp_width.CheckNbspWidthMatchesSpWidth.test_check_nbsp_width_matches_sp_width(): FAIL
$ fontbakery-fix-nbsp.py /home/travis/build/fontdirectory/nokora/builds/build/Nokora-Regular.ttf
$ mv /home/travis/build/fontdirectory/nokora/builds/build/Nokora-Regular.ttf.fix /home/travis/build/fontdirectory/nokora/builds/build/Nokora-Regular.ttf
bakery_lint.tests.downstream.test_check_nbsp_width_matches_sp_width.CheckNbspWidthMatchesSpWidth.test_check_nbsp_width_matches_sp_width(): FAIL
bakery_lint.tests.downstream.test_check_names_same_across_platforms.CheckNamesSameAcrossPlatforms.test_check_names_same_across_platforms(): FAIL
bakery_lint.tests.downstream.test_check_name_table_recommendation.CheckStyleNameRecommendation.test_check_stylename_is_under_recommendations(): OK
bakery_lint.tests.downstream.test_check_name_table_recommendation.CheckOTFamilyNameRecommendation.test_check_opentype_familyname(): FAIL
$ fontbakery-fix-opentype-names.py /home/travis/build/fontdirectory/nokora/builds/build/Nokora-Regular.ttf
$ mv /home/travis/build/fontdirectory/nokora/builds/build/Nokora-Regular.ttf.fix /home/travis/build/fontdirectory/nokora/builds/build/Nokora-Regular.ttf
bakery_lint.tests.downstream.test_check_name_table_recommendation.CheckOTFamilyNameRecommendation.test_check_opentype_familyname(): OK
bakery_lint.tests.downstream.test_check_name_table_recommendation.CheckOTStyleNameRecommendation.test_check_opentype_stylename(): OK
bakery_lint.tests.downstream.test_check_name_table_recommendation.CheckOTFullNameRecommendation.test_check_opentype_fullname(): OK
bakery_lint.tests.downstream.test_check_magic_prep_code.CheckMagicPREPByteCode.test_prep_magic_code(): FAIL
bakery_lint.tests.downstream.test_check_license_included.CheckLicenseIncluded.test_license_included_in_font_names(): OK
bakery_lint.tests.downstream.test_check_italic_angle_agreement.CheckItalicAngleAgreement.test_check_italic_angle_agreement(): OK
bakery_lint.tests.downstream.test_check_hmtx_hhea_max_advance_width_agreement.CheckHmtxHheaMaxAdvanceWidthAgreement.test_check_hmtx_hhea_max_advance_width_agreement(): OK
bakery_lint.tests.downstream.test_check_glyph_existence.CheckGlyphExistence.test_euro(): FAIL
bakery_lint.tests.downstream.test_check_glyph_existence.CheckGlyphExistence.test_nbsp(): OK
bakery_lint.tests.downstream.test_check_glyph_existence.CheckGlyphExistence.test_space(): OK
bakery_lint.tests.downstream.test_check_glyf_table_length.CheckGlyfTableLength.test_check_glyf_table_length(): FAIL
bakery_lint.tests.downstream.test_check_full_font_name_begins_with_family_name.CheckFullFontNameBeginsWithFamilyName.test_check_full_font_name_begins_with_family_name(): OK
bakery_lint.tests.downstream.test_check_fontname_matches_macstyle.CheckFontNameEqualToMacStyleFlags.test_fontname_is_equal_to_macstyle(): FAIL
bakery_lint.tests.downstream.test_check_font_tables.CheckFontHasDsigTable.test_check_font_has_dsig_table(): FAIL
$ fontbakery-fix-dsig.py /home/travis/build/fontdirectory/nokora/builds/build/Nokora-Regular.ttf
$ mv /home/travis/build/fontdirectory/nokora/builds/build/Nokora-Regular.ttf.fix /home/travis/build/fontdirectory/nokora/builds/build/Nokora-Regular.ttf
bakery_lint.tests.downstream.test_check_font_tables.CheckFontHasDsigTable.test_check_font_has_dsig_table(): OK
bakery_lint.tests.downstream.test_check_font_tables.CheckFontHasNotKernTable.test_no_kern_table_exists(): OK
bakery_lint.tests.downstream.test_check_font_agreements.CheckFsTypeIsNotSet.test_is_fstype_not_set(): FAIL
$ fontbakery-fix-fstype.py --autofix /home/travis/build/fontdirectory/nokora/builds/build/Nokora-Regular.ttf
$ mv /home/travis/build/fontdirectory/nokora/builds/build/Nokora-Regular.ttf.fix /home/travis/build/fontdirectory/nokora/builds/build/Nokora-Regular.ttf
bakery_lint.tests.downstream.test_check_font_agreements.CheckFsTypeIsNotSet.test_is_fstype_not_set(): OK
$ fontbakery-fix-fstype.py --autofix /home/travis/build/fontdirectory/nokora/builds/build/Nokora-Regular.ttf
$ mv /home/travis/build/fontdirectory/nokora/builds/build/Nokora-Regular.ttf.fix /home/travis/build/fontdirectory/nokora/builds/build/Nokora-Regular.ttf
bakery_lint.tests.downstream.test_check_font_agreements.CheckFontAgreements.test_em_is_1000(): FAIL
bakery_lint.tests.downstream.test_check_font_agreements.CheckFontAgreements.test_font_is_font(): OK
bakery_lint.tests.downstream.test_check_font_agreements.CheckFontAgreements.test_latin_file_exists(): FAIL
bakery_lint.tests.downstream.test_check_font_agreements.CheckFontAgreements.test_menu_file_exists(): FAIL
### Optimize TTF Nokora-Regular.ttf
$ ls -l 'Nokora-Regular.ttf'* # look at the size savings of that subset process
Nokora-Regular.ttf.opt: 39356 bytes
Nokora-Regular.ttf: 49672 bytes
$ mv /home/travis/build/fontdirectory/nokora/builds/build/Nokora-Regular.ttf.opt /home/travis/build/fontdirectory/nokora/builds/build/Nokora-Regular.ttf
### Autohint TTFs (ttfautohint) Nokora-Regular.ttf
$ ttfautohint -l 7 -r 28 -G 50 -x 13 -w "G" /home/travis/build/fontdirectory/nokora/builds/build/Nokora-Regular.ttf '/home/travis/build/fontdirectory/nokora/builds/build/Nokora-Regular.autohint.ttf'

$ ls -l /home/travis/build/fontdirectory/nokora/builds/build/Nokora-Regular.*ttf # look at the size savings of that subset process
/home/travis/build/fontdirectory/nokora/builds/build/Nokora-Regular.ttf: 39356 bytes
/home/travis/build/fontdirectory/nokora/builds/build/Nokora-Regular.autohint.ttf: 35112 bytes
$ mv /home/travis/build/fontdirectory/nokora/builds/build/Nokora-Regular.autohint.ttf /home/travis/build/fontdirectory/nokora/builds/build/Nokora-Regular.ttf
### Subset TTFs (pyftsubset) Nokora-Regular.ttf
$ pyftsubset Nokora-Regular.latin
$ pyftsubset Nokora-Regular.menu
strippedname:/home/travis/build/fontdirectory/nokora/builds/build/Nokora-Regular.ttf
No nbsp glyph
spaceWidth is    532
nbspWidth is     0
Nokora-Regular.ttf.fix made with spaceWidth and nbspWidth of 532
### Test Nokora-Bold.ttf
$ fontbakery-check.py result Nokora-Bold.ttf
bakery_lint.tests.downstream.test_names_are_ascii_only.CheckNamesAreASCIIOnly.test_check_names_are_ascii_only(): FAIL
$ fontbakery-fix-ascii-fontmetadata.py /home/travis/build/fontdirectory/nokora/builds/build/Nokora-Bold.ttf
$ mv /home/travis/build/fontdirectory/nokora/builds/build/Nokora-Bold.ttf.fix /home/travis/build/fontdirectory/nokora/builds/build/Nokora-Bold.ttf
bakery_lint.tests.downstream.test_names_are_ascii_only.CheckNamesAreASCIIOnly.test_check_names_are_ascii_only(): OK
bakery_lint.tests.downstream.test_gpos_table_has_kerning_info.CheckGposTableHasKerningInfo.test_gpos_table_has_kerning_info(): FAIL
bakery_lint.tests.downstream.test_gasp_table_value.CheckGaspTableType.test_check_gasp_table_type(): FAIL
$ fontbakery-fix-gasp.py --set=15 /home/travis/build/fontdirectory/nokora/builds/build/Nokora-Bold.ttf
$ mv /home/travis/build/fontdirectory/nokora/builds/build/Nokora-Bold.ttf.fix /home/travis/build/fontdirectory/nokora/builds/build/Nokora-Bold.ttf
bakery_lint.tests.downstream.test_gasp_table_value.CheckGaspTableType.test_check_gasp_table_type(): OK
$ fontbakery-fix-gasp.py --set=15 /home/travis/build/fontdirectory/nokora/builds/build/Nokora-Bold.ttf
$ mv /home/travis/build/fontdirectory/nokora/builds/build/Nokora-Bold.ttf.fix /home/travis/build/fontdirectory/nokora/builds/build/Nokora-Bold.ttf
This font contains both a 'mor[tx]' table and a 'GSUB' table.
  FF will only read feature/settings in 'morx' which do not match features
  found in 'GSUB'.
Warning: Mac and Windows entries in the 'name' table differ for the
 Version string in the language English (US)
 Mac String: Version 1.3 October 31, 2012
Windows String: Version 1.3 October 14, 2012
Warning: Mac and Windows entries in the 'name' table differ for the
 Trademark string in the language English (US)
 Mac String: Droid is a trademark of Google and may be registered in certain jurisdictions.
Windows String: Nokora is a trademark of Google and may be registered in certain jurisdictions.
Bad lookup table: format=4 (6/7), first=65535 last=65535 total glyphs in font=224
Bad lookup table: format=2 (4/5), first=65535 last=65535 total glyphs in font=224
Bad lookup table: format=2 (5/6), first=65535 last=65535 total glyphs in font=224
Bad lookup table: format=2 (6/7), first=65535 last=65535 total glyphs in font=224
Bad lookup table: format=2 (14/15), first=65535 last=65535 total glyphs in font=224
Bad lookup table: format=2 (14/15), first=65535 last=65535 total glyphs in font=224
Bad lookup table: format=2 (7/8), first=65535 last=65535 total glyphs in font=224
Bad lookup table: format=2 (5/6), first=65535 last=65535 total glyphs in font=224
Bad lookup table: format=2 (9/10), first=65535 last=65535 total glyphs in font=224
Bad lookup table: format=2 (5/6), first=65535 last=65535 total glyphs in font=224
Bad lookup table: format=2 (2/3), first=65535 last=65535 total glyphs in font=224
bakery_lint.tests.downstream.test_fontforge_validation_state.FontForgeValidateStateTest.test_allowed_numbers_paths_in_composite_glyphs(): OK
bakery_lint.tests.downstream.test_fontforge_validation_state.FontForgeValidateStateTest.test_allowed_numbers_paths_in_glyphs(): OK
bakery_lint.tests.downstream.test_fontforge_validation_state.FontForgeValidateStateTest.test_allowed_numbers_points_in_composite_glyphs(): OK
bakery_lint.tests.downstream.test_fontforge_validation_state.FontForgeValidateStateTest.test_allowed_numbers_points_in_glyphs(): OK
bakery_lint.tests.downstream.test_fontforge_validation_state.FontForgeValidateStateTest.test_duplicate_glyphs(): OK
bakery_lint.tests.downstream.test_fontforge_validation_state.FontForgeValidateStateTest.test_duplicate_unicode_codepoints(): OK
bakery_lint.tests.downstream.test_fontforge_validation_state.FontForgeValidateStateTest.test_flipped_reference_in_glyphs(): OK
bakery_lint.tests.downstream.test_fontforge_validation_state.FontForgeValidateStateTest.test_missing_anchors(): OK
bakery_lint.tests.downstream.test_fontforge_validation_state.FontForgeValidateStateTest.test_missing_extrema_in_glyphs(): FAIL
bakery_lint.tests.downstream.test_fontforge_validation_state.FontForgeValidateStateTest.test_overlapped_hints(): OK
bakery_lint.tests.downstream.test_fontforge_validation_state.FontForgeValidateStateTest.test_points_are_integer_aligned(): OK
bakery_lint.tests.downstream.test_fontforge_validation_state.FontForgeValidateStateTest.test_points_are_not_too_far_apart(): OK
bakery_lint.tests.downstream.test_fontforge_validation_state.FontForgeValidateStateTest.test_postscript_hasnt_limit_hints_in_glyphs(): OK
bakery_lint.tests.downstream.test_fontforge_validation_state.FontForgeValidateStateTest.test_postscript_hasnt_limit_points_in_glyphs(): OK
bakery_lint.tests.downstream.test_fontforge_validation_state.FontForgeValidateStateTest.test_referenced_glyphs_are_present(): OK
bakery_lint.tests.downstream.test_fontforge_validation_state.FontForgeValidateStateTest.test_valid_glyph_names(): OK
bakery_lint.tests.downstream.test_fontforge_validation_state.FontForgeValidateStateTest.test_valid_length_instructions(): OK
bakery_lint.tests.downstream.test_fontforge_validation_state.FontForgeValidateStateTest.test_validation_glyph_intersect(): OK
bakery_lint.tests.downstream.test_fontforge_validation_state.FontForgeValidateStateTest.test_validation_open_contours(): OK
bakery_lint.tests.downstream.test_fontforge_validation_state.FontForgeValidateStateTest.test_wrong_direction_in_glyphs(): OK
bakery_lint.tests.downstream.test_check_vertical_metrics.CheckVerticalLinegapMetrics.test_metrics_linegaps_are_zero(): OK
bakery_lint.tests.downstream.test_check_vertical_metrics.CheckVerticalAscentMetrics.test_metrics_ascents_equal_bbox(): OK
bakery_lint.tests.downstream.test_check_vertical_metrics.CheckVerticalDescentMetrics.test_metrics_descents_equal_bbox(): OK
bakery_lint.tests.downstream.test_check_upm_heights_less_120.TestCheckUPMHeightsLess120.test_check_upm_heigths_less_120(): FAIL
bakery_lint.tests.downstream.test_check_unused_glyph_data.CheckUnusedGlyphData.test_check_unused_glyph_data(): ERROR
bakery_lint.tests.downstream.test_check_unencoded_glyph.TestFontUnencodedGlyph.test_font_unencoded_glyphs(): FAIL
$ fontbakery-fix-glyph-private-encoding.py --autofix /home/travis/build/fontdirectory/nokora/builds/build/Nokora-Bold.ttf
$ mv /home/travis/build/fontdirectory/nokora/builds/build/Nokora-Bold.ttf.fix /home/travis/build/fontdirectory/nokora/builds/build/Nokora-Bold.ttf
bakery_lint.tests.downstream.test_check_unencoded_glyph.TestFontUnencodedGlyph.test_font_unencoded_glyphs(): FAIL
bakery_lint.tests.downstream.test_check_panose_identification.CheckPanoseIdentification.test_check_panose_identification(): OK
bakery_lint.tests.downstream.test_check_os2_width_class.CheckOS2WidthClass.test_check_os2_width_class(): OK
bakery_lint.tests.downstream.test_check_no_problematic_formats.CheckNoProblematicFormats.test_check_no_problematic_formats(): OK
bakery_lint.tests.downstream.test_check_nbsp_width_matches_sp_width.CheckNbspWidthMatchesSpWidth.test_check_nbsp_width_matches_sp_width(): FAIL
$ fontbakery-fix-nbsp.py /home/travis/build/fontdirectory/nokora/builds/build/Nokora-Bold.ttf
$ mv /home/travis/build/fontdirectory/nokora/builds/build/Nokora-Bold.ttf.fix /home/travis/build/fontdirectory/nokora/builds/build/Nokora-Bold.ttf
bakery_lint.tests.downstream.test_check_nbsp_width_matches_sp_width.CheckNbspWidthMatchesSpWidth.test_check_nbsp_width_matches_sp_width(): FAIL
bakery_lint.tests.downstream.test_check_names_same_across_platforms.CheckNamesSameAcrossPlatforms.test_check_names_same_across_platforms(): FAIL
bakery_lint.tests.downstream.test_check_name_table_recommendation.CheckStyleNameRecommendation.test_check_stylename_is_under_recommendations(): OK
bakery_lint.tests.downstream.test_check_name_table_recommendation.CheckOTFamilyNameRecommendation.test_check_opentype_familyname(): FAIL
$ fontbakery-fix-opentype-names.py /home/travis/build/fontdirectory/nokora/builds/build/Nokora-Bold.ttf
$ mv /home/travis/build/fontdirectory/nokora/builds/build/Nokora-Bold.ttf.fix /home/travis/build/fontdirectory/nokora/builds/build/Nokora-Bold.ttf
bakery_lint.tests.downstream.test_check_name_table_recommendation.CheckOTFamilyNameRecommendation.test_check_opentype_familyname(): OK
bakery_lint.tests.downstream.test_check_name_table_recommendation.CheckOTStyleNameRecommendation.test_check_opentype_stylename(): OK
bakery_lint.tests.downstream.test_check_name_table_recommendation.CheckOTFullNameRecommendation.test_check_opentype_fullname(): OK
bakery_lint.tests.downstream.test_check_magic_prep_code.CheckMagicPREPByteCode.test_prep_magic_code(): FAIL
bakery_lint.tests.downstream.test_check_license_included.CheckLicenseIncluded.test_license_included_in_font_names(): OK
bakery_lint.tests.downstream.test_check_italic_angle_agreement.CheckItalicAngleAgreement.test_check_italic_angle_agreement(): OK
bakery_lint.tests.downstream.test_check_hmtx_hhea_max_advance_width_agreement.CheckHmtxHheaMaxAdvanceWidthAgreement.test_check_hmtx_hhea_max_advance_width_agreement(): OK
bakery_lint.tests.downstream.test_check_glyph_existence.CheckGlyphExistence.test_euro(): FAIL
bakery_lint.tests.downstream.test_check_glyph_existence.CheckGlyphExistence.test_nbsp(): OK
bakery_lint.tests.downstream.test_check_glyph_existence.CheckGlyphExistence.test_space(): OK
bakery_lint.tests.downstream.test_check_glyf_table_length.CheckGlyfTableLength.test_check_glyf_table_length(): FAIL
bakery_lint.tests.downstream.test_check_full_font_name_begins_with_family_name.CheckFullFontNameBeginsWithFamilyName.test_check_full_font_name_begins_with_family_name(): OK
bakery_lint.tests.downstream.test_check_fontname_matches_macstyle.CheckFontNameEqualToMacStyleFlags.test_fontname_is_equal_to_macstyle(): FAIL
bakery_lint.tests.downstream.test_check_font_tables.CheckFontHasDsigTable.test_check_font_has_dsig_table(): FAIL
$ fontbakery-fix-dsig.py /home/travis/build/fontdirectory/nokora/builds/build/Nokora-Bold.ttf
$ mv /home/travis/build/fontdirectory/nokora/builds/build/Nokora-Bold.ttf.fix /home/travis/build/fontdirectory/nokora/builds/build/Nokora-Bold.ttf
bakery_lint.tests.downstream.test_check_font_tables.CheckFontHasDsigTable.test_check_font_has_dsig_table(): OK
bakery_lint.tests.downstream.test_check_font_tables.CheckFontHasNotKernTable.test_no_kern_table_exists(): OK
bakery_lint.tests.downstream.test_check_font_agreements.CheckFsTypeIsNotSet.test_is_fstype_not_set(): FAIL
$ fontbakery-fix-fstype.py --autofix /home/travis/build/fontdirectory/nokora/builds/build/Nokora-Bold.ttf
$ mv /home/travis/build/fontdirectory/nokora/builds/build/Nokora-Bold.ttf.fix /home/travis/build/fontdirectory/nokora/builds/build/Nokora-Bold.ttf
bakery_lint.tests.downstream.test_check_font_agreements.CheckFsTypeIsNotSet.test_is_fstype_not_set(): OK
$ fontbakery-fix-fstype.py --autofix /home/travis/build/fontdirectory/nokora/builds/build/Nokora-Bold.ttf
$ mv /home/travis/build/fontdirectory/nokora/builds/build/Nokora-Bold.ttf.fix /home/travis/build/fontdirectory/nokora/builds/build/Nokora-Bold.ttf
bakery_lint.tests.downstream.test_check_font_agreements.CheckFontAgreements.test_em_is_1000(): FAIL
bakery_lint.tests.downstream.test_check_font_agreements.CheckFontAgreements.test_font_is_font(): OK
bakery_lint.tests.downstream.test_check_font_agreements.CheckFontAgreements.test_latin_file_exists(): FAIL
bakery_lint.tests.downstream.test_check_font_agreements.CheckFontAgreements.test_menu_file_exists(): FAIL
### Optimize TTF Nokora-Bold.ttf
$ ls -l 'Nokora-Bold.ttf'* # look at the size savings of that subset process
Nokora-Bold.ttf.opt: 30868 bytes
Nokora-Bold.ttf: 41216 bytes
$ mv /home/travis/build/fontdirectory/nokora/builds/build/Nokora-Bold.ttf.opt /home/travis/build/fontdirectory/nokora/builds/build/Nokora-Bold.ttf
### Autohint TTFs (ttfautohint) Nokora-Bold.ttf
$ ttfautohint -l 7 -r 28 -G 50 -x 13 -w "G" /home/travis/build/fontdirectory/nokora/builds/build/Nokora-Bold.ttf '/home/travis/build/fontdirectory/nokora/builds/build/Nokora-Bold.autohint.ttf'

$ ls -l /home/travis/build/fontdirectory/nokora/builds/build/Nokora-Bold.*ttf # look at the size savings of that subset process
/home/travis/build/fontdirectory/nokora/builds/build/Nokora-Bold.ttf: 30868 bytes
/home/travis/build/fontdirectory/nokora/builds/build/Nokora-Bold.autohint.ttf: 34340 bytes
$ mv /home/travis/build/fontdirectory/nokora/builds/build/Nokora-Bold.autohint.ttf /home/travis/build/fontdirectory/nokora/builds/build/Nokora-Bold.ttf
### Subset TTFs (pyftsubset) Nokora-Bold.ttf
$ pyftsubset Nokora-Bold.latin
$ pyftsubset Nokora-Bold.menu
strippedname:/home/travis/build/fontdirectory/nokora/builds/build/Nokora-Bold.ttf
No nbsp glyph
spaceWidth is    532
nbspWidth is     0
Nokora-Bold.ttf.fix made with spaceWidth and nbspWidth of 532
### (5 of 6) Generate METADATA.json (fontbakery-build-metadata.py)
$ fontbakery-build-metadata.py /home/travis/build/fontdirectory/nokora/builds/build
{} exists
No Designer Name known, using Multiple Designers for now...
Original size: 35112\nGzip size: 18166
Family Name: Nokora
PS Name: Nokora-Bold
Full Name: Nokora Bold
Style: normal
Weight: 700
Filename: Nokora-Bold.ttf
Copyright: Digitized data copyright (c) 2007, Google Corporation. Copyright (c) 2012, Danh Hong (khmertype.blogspot.com)
Family Name: Nokora
PS Name: Nokora
Full Name: Nokora
Style: normal
Weight: 400
Filename: Nokora-Regular.ttf
Copyright: Digitized data copyright (c) 2007, Google Corporation. Copyright (c) 2012, Danh Hong (khmertype.blogspot.com)
### (6 of 6) Run tests for METADATA.json
$ fontbakery-check.py metadata METADATA.json
bakery_lint.tests.metadata_test.MetadataSubsetsListTest.test_charset_khmer(): FAIL
bakery_lint.tests.metadata_test.MetadataSubsetsListTest.test_charset_menu(): OK
bakery_lint.tests.metadata_test.MetadataTest.test_description_is_more_than_500b(): OK
bakery_lint.tests.metadata_test.MetadataTest.test_description_is_valid_html(): FAIL
bakery_lint.tests.metadata_test.MetadataTest.test_does_not_familyName_exist_in_daltonmaag_catalogue(): FAIL
bakery_lint.tests.metadata_test.MetadataTest.test_does_not_familyName_exist_in_fontbureau_catalogue(): OK
bakery_lint.tests.metadata_test.MetadataTest.test_does_not_familyName_exist_in_fontscom_catalogue(): OK
bakery_lint.tests.metadata_test.MetadataTest.test_does_not_familyName_exist_in_fontshop_catalogue(): FAIL
bakery_lint.tests.metadata_test.MetadataTest.test_does_not_familyName_exist_in_fontsmith_catalogue(): FAIL
bakery_lint.tests.metadata_test.MetadataTest.test_does_not_familyName_exist_in_houseind_catalogue(): OK
bakery_lint.tests.metadata_test.MetadataTest.test_does_not_familyName_exist_in_myfonts_catalogue(): OK
bakery_lint.tests.metadata_test.MetadataTest.test_does_not_familyName_exist_in_veer_catalogue(): FAIL
bakery_lint.tests.metadata_test.MetadataTest.test_family_is_listed_in_gwf(): OK
bakery_lint.tests.metadata_test.MetadataTest.test_metadata_atleast_latin_menu_subsets_exist(): FAIL
/home/travis/virtualenv/python2.7.8/lib/python2.7/site-packages/bakery_lint/tests/metadata_test.py:141: UnicodeWarning: Unicode equal comparison failed to convert both arguments to Unicode - interpreting them as being unequal
  self.assertTrue(designer in designers,
bakery_lint.tests.metadata_test.MetadataTest.test_metadata_designer_exists_in_profiles_csv(): OK
bakery_lint.tests.metadata_test.MetadataTest.test_metadata_fonts_items_dicts(): OK
bakery_lint.tests.metadata_test.MetadataTest.test_metadata_fonts_key_list(): OK
bakery_lint.tests.metadata_test.MetadataTest.test_metadata_fonts_no_dupes(): OK
bakery_lint.tests.metadata_test.MetadataTest.test_metadata_has_unique_style_weight_pairs(): OK
bakery_lint.tests.metadata_test.MetadataTest.test_metadata_keys(): OK
bakery_lint.tests.metadata_test.MetadataTest.test_metadata_license(): OK
bakery_lint.tests.metadata_test.MetadataTest.test_metadata_no_unknown_top_keys(): OK
bakery_lint.tests.metadata_test.MetadataTest.test_metadata_subsets_key_list(): OK
bakery_lint.tests.metadata_test.MetadataTest.test_metadata_top_keys_types(): OK
bakery_lint.tests.downstream.test_metadata_font_copyright.CheckMetadataContainsReservedFontName.test_copyright_contains_correct_rfn(): FAIL
bakery_lint.tests.downstream.test_metadata_font_copyright.CheckMetadataContainsReservedFontName.test_copyright_is_consistent_across_family(): OK
bakery_lint.tests.downstream.test_metadata_font_copyright.CheckMetadataContainsReservedFontName.test_copyright_matches_pattern(): OK
bakery_lint.tests.downstream.test_metadata_font_copyright.CheckMetadataContainsReservedFontName.test_metadata_copyright_size(): OK
bakery_lint.tests.downstream.test_metadata_agreements.TestFontOnDiskFamilyEqualToMetadataJSON.test_font_on_disk_family_equal_in_metadata_json(): OK
bakery_lint.tests.downstream.test_metadata_agreements.TestPostScriptNameInMetadataEqualFontOnDisk.test_postscriptname_in_metadata_equal_to_font_on_disk(): OK
bakery_lint.tests.downstream.test_metadata_agreements.CheckMetadataAgreements.test_font_name_matches_family(): OK
bakery_lint.tests.downstream.test_metadata_agreements.CheckMetadataAgreements.test_metadata_family_values_are_all_the_same(): OK
bakery_lint.tests.downstream.test_metadata_agreements.CheckMetadataAgreements.test_metadata_filename_matches_postscriptname(): FAIL
bakery_lint.tests.downstream.test_metadata_agreements.CheckMetadataAgreements.test_metadata_font_have_regular(): OK
bakery_lint.tests.downstream.test_metadata_agreements.CheckMetadataAgreements.test_metadata_fonts_fields_have_fontname(): OK
bakery_lint.tests.downstream.test_metadata_agreements.CheckMetadataAgreements.test_metadata_fullname_is_equal_to_internal_font_fullname(): OK
bakery_lint.tests.downstream.test_metadata_agreements.CheckMetadataAgreements.test_metadata_fullname_matches_postScriptName(): OK
bakery_lint.tests.downstream.test_metadata_agreements.CheckMetadataAgreements.test_metadata_regular_is_400(): OK
bakery_lint.tests.downstream.test_metadata_agreements.CheckMetadataAgreements.test_metadata_regular_is_normal(): FAIL
bakery_lint.tests.downstream.test_check_text_files_exist.CheckTextFilesExist.test_copyrighttxt_exists(): FAIL
bakery_lint.tests.downstream.test_check_text_files_exist.CheckTextFilesExist.test_description_exists(): OK
bakery_lint.tests.downstream.test_check_text_files_exist.CheckTextFilesExist.test_fontlogtxt_exists(): FAIL
bakery_lint.tests.downstream.test_check_text_files_exist.CheckTextFilesExist.test_licensetxt_exists(): FAIL
bakery_lint.tests.downstream.test_check_subsets_exists.CheckSubsetsExist.test_check_subsets_exists(): FAIL
bakery_lint.tests.downstream.test_check_monospace_agreements.CheckMonospaceAgreement.test_check_monospace_agreement(): OK
bakery_lint.tests.downstream.test_check_metadata_style_matches_names.CheckItalicStyleMatchesMacStyle.test_check_italic_style_matches_names(): OK
bakery_lint.tests.downstream.test_check_metadata_style_matches_names.CheckNormalStyleMatchesMacStyle.test_check_normal_style_matches_names(): OK
bakery_lint.tests.downstream.test_check_metadata_matches_nametable.CheckMetadataMatchesNameTable.test_check_metadata_matches_nametable(): OK
bakery_lint.tests.downstream.test_check_metadata_fields.CheckMetadataFields.test_check_metadata_fields(): OK
bakery_lint.tests.downstream.test_check_menu_contains_proper_glyphs.CheckMenuSubsetContainsProperGlyphs.test_check_menu_contains_proper_glyphs(): ERROR
bakery_lint.tests.downstream.test_check_glyph_consistency.CheckGlyphConsistencyInFamily.test_the_same_encodings_of_glyphs_across_family(): OK
bakery_lint.tests.downstream.test_check_glyph_consistency.CheckGlyphConsistencyInFamily.test_the_same_names_of_glyphs_across_family(): OK
bakery_lint.tests.downstream.test_check_glyph_consistency.CheckGlyphConsistencyInFamily.test_the_same_number_of_glyphs_across_family(): OK
bakery_lint.tests.downstream.test_check_font_name_not_in_camelcase.CheckFontNameNotInCamelCase.test_fontname_not_in_camel_case(): OK
bakery_lint.tests.downstream.test_check_files_menu_agreements.CheckFontsMenuAgreements.test_menu_file_agreement(): OK
bakery_lint.tests.downstream.test_check_familyname_matches_fontnames.CheckFamilyNameMatchesFontNames.test_check_familyname_matches_fontnames(): OK
bakery_lint.tests.downstream.test_check_canonical_weights.CheckCanonicalWeights.test_check_canonical_weights(): OK
bakery_lint.tests.downstream.test_check_canonical_weights.CheckPostScriptNameMatchesWeight.test_postscriptname_contains_correct_weight(): FAIL
bakery_lint.tests.downstream.test_check_canonical_weights.CheckFontWeightSameAsInMetadata.test_font_weight_same_as_in_metadata(): OK
bakery_lint.tests.downstream.test_check_canonical_weights.CheckFullNameEqualCanonicalName.test_metadata_contains_current_font(): OK
bakery_lint.tests.downstream.test_check_canonical_styles.CheckCanonicalStyles.test_check_canonical_styles(): OK
bakery_lint.tests.downstream.test_check_canonical_filenames.CheckCanonicalFilenames.test_check_canonical_filenames(): OK
{
  "name": "Nokora", 
  "designer": "Danh Hong", 
  "license": "Apache2", 
  "visibility": "External", 
  "category": "Serif", 
  "size": 22518, 
  "fonts": [
    {
      "name": "Nokora", 
      "postScriptName": "Nokora-Bold", 
      "fullName": "Nokora Bold", 
      "style": "normal", 
      "weight": 700, 
      "filename": "Nokora-Bold.ttf", 
      "copyright": "Digitized data copyright (c) 2007, Google Corporation. Copyright (c) 2012, Danh Hong (khmertype.blogspot.com)"
    }, 
    {
      "name": "Nokora", 
      "postScriptName": "Nokora", 
      "fullName": "Nokora", 
      "style": "normal", 
      "weight": 400, 
      "filename": "Nokora-Regular.ttf", 
      "copyright": "Digitized data copyright (c) 2007, Google Corporation. Copyright (c) 2012, Danh Hong (khmertype.blogspot.com)"
    }
  ], 
  "subsets": [
    "latin", 
    "menu"
  ], 
  "dateAdded": "2011-11-09"
}
